{
  "exported_at": "2025-12-24T04:18:53.766Z",
  "project_root": "/data/data/com.termux/files/home/mrselect5",
  "file_path": "/data/data/com.termux/files/home/mrselect5/app/main.py",
  "dump": {
    "exported_at": "2025-12-24T04:18:51.388Z",
    "uri": "file:///data/data/com.termux/files/home/mrselect5/app/main.py",
    "lsp_language_id": "python",
    "lsp_file_uri": "file:///data/data/com.termux/files/home/mrselect5/app/main.py",
    "counts": {
      "errors": 18,
      "warnings": 0
    },
    "total": 18,
    "activeIndex": 0,
    "rawDiagnostics": [
      {
        "range": {
          "start": {
            "line": 187,
            "character": 25
          },
          "end": {
            "line": 187,
            "character": 31
          }
        },
        "message": "Cannot access attribute \"config\" for class \"FastAPI\"\n  Attribute \"config\" is unknown",
        "severity": 1,
        "code": "reportAttributeAccessIssue",
        "source": "Pyright",
        "codeDescription": {
          "href": "https://github.com/microsoft/pyright/blob/main/docs/configuration.md#reportAttributeAccessIssue"
        }
      },
      {
        "range": {
          "start": {
            "line": 187,
            "character": 25
          },
          "end": {
            "line": 187,
            "character": 31
          }
        },
        "message": "\"config\" is not a known attribute of module \"app\"",
        "severity": 1,
        "code": "reportAttributeAccessIssue",
        "source": "Pyright",
        "codeDescription": {
          "href": "https://github.com/microsoft/pyright/blob/main/docs/configuration.md#reportAttributeAccessIssue"
        }
      },
      {
        "range": {
          "start": {
            "line": 207,
            "character": 25
          },
          "end": {
            "line": 207,
            "character": 31
          }
        },
        "message": "Cannot access attribute \"config\" for class \"FastAPI\"\n  Attribute \"config\" is unknown",
        "severity": 1,
        "code": "reportAttributeAccessIssue",
        "source": "Pyright",
        "codeDescription": {
          "href": "https://github.com/microsoft/pyright/blob/main/docs/configuration.md#reportAttributeAccessIssue"
        }
      },
      {
        "range": {
          "start": {
            "line": 207,
            "character": 25
          },
          "end": {
            "line": 207,
            "character": 31
          }
        },
        "message": "\"config\" is not a known attribute of module \"app\"",
        "severity": 1,
        "code": "reportAttributeAccessIssue",
        "source": "Pyright",
        "codeDescription": {
          "href": "https://github.com/microsoft/pyright/blob/main/docs/configuration.md#reportAttributeAccessIssue"
        }
      },
      {
        "range": {
          "start": {
            "line": 581,
            "character": 28
          },
          "end": {
            "line": 581,
            "character": 42
          }
        },
        "message": "\"include_router\" is not a known attribute of module \"app\"",
        "severity": 1,
        "code": "reportAttributeAccessIssue",
        "source": "Pyright",
        "codeDescription": {
          "href": "https://github.com/microsoft/pyright/blob/main/docs/configuration.md#reportAttributeAccessIssue"
        }
      },
      {
        "range": {
          "start": {
            "line": 618,
            "character": 57
          },
          "end": {
            "line": 618,
            "character": 61
          }
        },
        "message": "Argument of type \"ModuleSpec | None\" cannot be assigned to parameter \"spec\" of type \"ModuleSpec\" in function \"module_from_spec\"\n  Type \"ModuleSpec | None\" is not assignable to type \"ModuleSpec\"\n    \"None\" is not assignable to \"ModuleSpec\"",
        "severity": 1,
        "code": "reportArgumentType",
        "source": "Pyright",
        "codeDescription": {
          "href": "https://github.com/microsoft/pyright/blob/main/docs/configuration.md#reportArgumentType"
        }
      },
      {
        "range": {
          "start": {
            "line": 619,
            "character": 21
          },
          "end": {
            "line": 619,
            "character": 27
          }
        },
        "message": "\"loader\" is not a known attribute of \"None\"",
        "severity": 1,
        "code": "reportOptionalMemberAccess",
        "source": "Pyright",
        "codeDescription": {
          "href": "https://github.com/microsoft/pyright/blob/main/docs/configuration.md#reportOptionalMemberAccess"
        }
      },
      {
        "range": {
          "start": {
            "line": 619,
            "character": 28
          },
          "end": {
            "line": 619,
            "character": 39
          }
        },
        "message": "\"exec_module\" is not a known attribute of \"None\"",
        "severity": 1,
        "code": "reportOptionalMemberAccess",
        "source": "Pyright",
        "codeDescription": {
          "href": "https://github.com/microsoft/pyright/blob/main/docs/configuration.md#reportOptionalMemberAccess"
        }
      },
      {
        "range": {
          "start": {
            "line": 631,
            "character": 36
          },
          "end": {
            "line": 631,
            "character": 50
          }
        },
        "message": "\"include_router\" is not a known attribute of module \"app\"",
        "severity": 1,
        "code": "reportAttributeAccessIssue",
        "source": "Pyright",
        "codeDescription": {
          "href": "https://github.com/microsoft/pyright/blob/main/docs/configuration.md#reportAttributeAccessIssue"
        }
      },
      {
        "range": {
          "start": {
            "line": 634,
            "character": 36
          },
          "end": {
            "line": 634,
            "character": 50
          }
        },
        "message": "\"include_router\" is not a known attribute of module \"app\"",
        "severity": 1,
        "code": "reportAttributeAccessIssue",
        "source": "Pyright",
        "codeDescription": {
          "href": "https://github.com/microsoft/pyright/blob/main/docs/configuration.md#reportAttributeAccessIssue"
        }
      },
      {
        "range": {
          "start": {
            "line": 699,
            "character": 39
          },
          "end": {
            "line": 699,
            "character": 47
          }
        },
        "message": "Cannot access attribute \"run_sync\" for class \"type[BrokenWorkerInterpreter]\"\n  Attribute \"run_sync\" is unknown",
        "severity": 1,
        "code": "reportAttributeAccessIssue",
        "source": "Pyright",
        "codeDescription": {
          "href": "https://github.com/microsoft/pyright/blob/main/docs/configuration.md#reportAttributeAccessIssue"
        }
      },
      {
        "range": {
          "start": {
            "line": 728,
            "character": 41
          },
          "end": {
            "line": 728,
            "character": 49
          }
        },
        "message": "Argument of type \"str | None\" cannot be assigned to parameter \"path\" of type \"str\" in function \"_scandir_with_sudo\"\n  Type \"str | None\" is not assignable to type \"str\"\n    \"None\" is not assignable to \"str\"",
        "severity": 1,
        "code": "reportArgumentType",
        "source": "Pyright",
        "codeDescription": {
          "href": "https://github.com/microsoft/pyright/blob/main/docs/configuration.md#reportArgumentType"
        }
      },
      {
        "range": {
          "start": {
            "line": 730,
            "character": 39
          },
          "end": {
            "line": 730,
            "character": 47
          }
        },
        "message": "Argument of type \"str | None\" cannot be assigned to parameter \"path\" of type \"str\" in function \"_scandir_entries\"\n  Type \"str | None\" is not assignable to type \"str\"\n    \"None\" is not assignable to \"str\"",
        "severity": 1,
        "code": "reportArgumentType",
        "source": "Pyright",
        "codeDescription": {
          "href": "https://github.com/microsoft/pyright/blob/main/docs/configuration.md#reportArgumentType"
        }
      },
      {
        "range": {
          "start": {
            "line": 970,
            "character": 9
          },
          "end": {
            "line": 970,
            "character": 19
          }
        },
        "message": "Object of type \"None\" cannot be used with \"with\"",
        "severity": 1,
        "code": "reportOptionalContextManager",
        "source": "Pyright",
        "codeDescription": {
          "href": "https://github.com/microsoft/pyright/blob/main/docs/configuration.md#reportOptionalContextManager"
        }
      },
      {
        "range": {
          "start": {
            "line": 1116,
            "character": 50
          },
          "end": {
            "line": 1116,
            "character": 53
          }
        },
        "message": "Argument of type \"Data\" cannot be assigned to parameter \"data\" of type \"str\" in function \"send_text\"\n  Type \"Data\" is not assignable to type \"str\"\n    \"bytes\" is not assignable to \"str\"",
        "severity": 1,
        "code": "reportArgumentType",
        "source": "Pyright",
        "codeDescription": {
          "href": "https://github.com/microsoft/pyright/blob/main/docs/configuration.md#reportArgumentType"
        }
      },
      {
        "range": {
          "start": {
            "line": 1167,
            "character": 50
          },
          "end": {
            "line": 1167,
            "character": 53
          }
        },
        "message": "Argument of type \"Data\" cannot be assigned to parameter \"data\" of type \"str\" in function \"send_text\"\n  Type \"Data\" is not assignable to type \"str\"\n    \"bytes\" is not assignable to \"str\"",
        "severity": 1,
        "code": "reportArgumentType",
        "source": "Pyright",
        "codeDescription": {
          "href": "https://github.com/microsoft/pyright/blob/main/docs/configuration.md#reportArgumentType"
        }
      },
      {
        "range": {
          "start": {
            "line": 1373,
            "character": 19
          },
          "end": {
            "line": 1373,
            "character": 29
          }
        },
        "message": "Argument of type \"str | None\" cannot be assigned to parameter \"origin\" of type \"Origin | None\" in function \"__init__\"\n  Type \"str | None\" is not assignable to type \"Origin | None\"\n    Type \"str\" is not assignable to type \"Origin | None\"\n      \"str\" is not assignable to \"Origin\"\n      \"str\" is not assignable to \"None\"",
        "severity": 1,
        "code": "reportArgumentType",
        "source": "Pyright",
        "codeDescription": {
          "href": "https://github.com/microsoft/pyright/blob/main/docs/configuration.md#reportArgumentType"
        }
      },
      {
        "range": {
          "start": {
            "line": 1569,
            "character": 39
          },
          "end": {
            "line": 1569,
            "character": 43
          }
        },
        "message": "\"host\" is not a known attribute of \"None\"",
        "severity": 1,
        "code": "reportOptionalMemberAccess",
        "source": "Pyright",
        "codeDescription": {
          "href": "https://github.com/microsoft/pyright/blob/main/docs/configuration.md#reportOptionalMemberAccess"
        }
      }
    ],
    "filteredDiagnostics": [
      {
        "range": {
          "start": {
            "line": 187,
            "character": 25
          },
          "end": {
            "line": 187,
            "character": 31
          }
        },
        "message": "Cannot access attribute \"config\" for class \"FastAPI\"\n  Attribute \"config\" is unknown",
        "severity": 1,
        "code": "reportAttributeAccessIssue",
        "source": "Pyright",
        "codeDescription": {
          "href": "https://github.com/microsoft/pyright/blob/main/docs/configuration.md#reportAttributeAccessIssue"
        }
      },
      {
        "range": {
          "start": {
            "line": 187,
            "character": 25
          },
          "end": {
            "line": 187,
            "character": 31
          }
        },
        "message": "\"config\" is not a known attribute of module \"app\"",
        "severity": 1,
        "code": "reportAttributeAccessIssue",
        "source": "Pyright",
        "codeDescription": {
          "href": "https://github.com/microsoft/pyright/blob/main/docs/configuration.md#reportAttributeAccessIssue"
        }
      },
      {
        "range": {
          "start": {
            "line": 207,
            "character": 25
          },
          "end": {
            "line": 207,
            "character": 31
          }
        },
        "message": "Cannot access attribute \"config\" for class \"FastAPI\"\n  Attribute \"config\" is unknown",
        "severity": 1,
        "code": "reportAttributeAccessIssue",
        "source": "Pyright",
        "codeDescription": {
          "href": "https://github.com/microsoft/pyright/blob/main/docs/configuration.md#reportAttributeAccessIssue"
        }
      },
      {
        "range": {
          "start": {
            "line": 207,
            "character": 25
          },
          "end": {
            "line": 207,
            "character": 31
          }
        },
        "message": "\"config\" is not a known attribute of module \"app\"",
        "severity": 1,
        "code": "reportAttributeAccessIssue",
        "source": "Pyright",
        "codeDescription": {
          "href": "https://github.com/microsoft/pyright/blob/main/docs/configuration.md#reportAttributeAccessIssue"
        }
      },
      {
        "range": {
          "start": {
            "line": 581,
            "character": 28
          },
          "end": {
            "line": 581,
            "character": 42
          }
        },
        "message": "\"include_router\" is not a known attribute of module \"app\"",
        "severity": 1,
        "code": "reportAttributeAccessIssue",
        "source": "Pyright",
        "codeDescription": {
          "href": "https://github.com/microsoft/pyright/blob/main/docs/configuration.md#reportAttributeAccessIssue"
        }
      },
      {
        "range": {
          "start": {
            "line": 618,
            "character": 57
          },
          "end": {
            "line": 618,
            "character": 61
          }
        },
        "message": "Argument of type \"ModuleSpec | None\" cannot be assigned to parameter \"spec\" of type \"ModuleSpec\" in function \"module_from_spec\"\n  Type \"ModuleSpec | None\" is not assignable to type \"ModuleSpec\"\n    \"None\" is not assignable to \"ModuleSpec\"",
        "severity": 1,
        "code": "reportArgumentType",
        "source": "Pyright",
        "codeDescription": {
          "href": "https://github.com/microsoft/pyright/blob/main/docs/configuration.md#reportArgumentType"
        }
      },
      {
        "range": {
          "start": {
            "line": 619,
            "character": 21
          },
          "end": {
            "line": 619,
            "character": 27
          }
        },
        "message": "\"loader\" is not a known attribute of \"None\"",
        "severity": 1,
        "code": "reportOptionalMemberAccess",
        "source": "Pyright",
        "codeDescription": {
          "href": "https://github.com/microsoft/pyright/blob/main/docs/configuration.md#reportOptionalMemberAccess"
        }
      },
      {
        "range": {
          "start": {
            "line": 619,
            "character": 28
          },
          "end": {
            "line": 619,
            "character": 39
          }
        },
        "message": "\"exec_module\" is not a known attribute of \"None\"",
        "severity": 1,
        "code": "reportOptionalMemberAccess",
        "source": "Pyright",
        "codeDescription": {
          "href": "https://github.com/microsoft/pyright/blob/main/docs/configuration.md#reportOptionalMemberAccess"
        }
      },
      {
        "range": {
          "start": {
            "line": 631,
            "character": 36
          },
          "end": {
            "line": 631,
            "character": 50
          }
        },
        "message": "\"include_router\" is not a known attribute of module \"app\"",
        "severity": 1,
        "code": "reportAttributeAccessIssue",
        "source": "Pyright",
        "codeDescription": {
          "href": "https://github.com/microsoft/pyright/blob/main/docs/configuration.md#reportAttributeAccessIssue"
        }
      },
      {
        "range": {
          "start": {
            "line": 634,
            "character": 36
          },
          "end": {
            "line": 634,
            "character": 50
          }
        },
        "message": "\"include_router\" is not a known attribute of module \"app\"",
        "severity": 1,
        "code": "reportAttributeAccessIssue",
        "source": "Pyright",
        "codeDescription": {
          "href": "https://github.com/microsoft/pyright/blob/main/docs/configuration.md#reportAttributeAccessIssue"
        }
      },
      {
        "range": {
          "start": {
            "line": 699,
            "character": 39
          },
          "end": {
            "line": 699,
            "character": 47
          }
        },
        "message": "Cannot access attribute \"run_sync\" for class \"type[BrokenWorkerInterpreter]\"\n  Attribute \"run_sync\" is unknown",
        "severity": 1,
        "code": "reportAttributeAccessIssue",
        "source": "Pyright",
        "codeDescription": {
          "href": "https://github.com/microsoft/pyright/blob/main/docs/configuration.md#reportAttributeAccessIssue"
        }
      },
      {
        "range": {
          "start": {
            "line": 728,
            "character": 41
          },
          "end": {
            "line": 728,
            "character": 49
          }
        },
        "message": "Argument of type \"str | None\" cannot be assigned to parameter \"path\" of type \"str\" in function \"_scandir_with_sudo\"\n  Type \"str | None\" is not assignable to type \"str\"\n    \"None\" is not assignable to \"str\"",
        "severity": 1,
        "code": "reportArgumentType",
        "source": "Pyright",
        "codeDescription": {
          "href": "https://github.com/microsoft/pyright/blob/main/docs/configuration.md#reportArgumentType"
        }
      },
      {
        "range": {
          "start": {
            "line": 730,
            "character": 39
          },
          "end": {
            "line": 730,
            "character": 47
          }
        },
        "message": "Argument of type \"str | None\" cannot be assigned to parameter \"path\" of type \"str\" in function \"_scandir_entries\"\n  Type \"str | None\" is not assignable to type \"str\"\n    \"None\" is not assignable to \"str\"",
        "severity": 1,
        "code": "reportArgumentType",
        "source": "Pyright",
        "codeDescription": {
          "href": "https://github.com/microsoft/pyright/blob/main/docs/configuration.md#reportArgumentType"
        }
      },
      {
        "range": {
          "start": {
            "line": 970,
            "character": 9
          },
          "end": {
            "line": 970,
            "character": 19
          }
        },
        "message": "Object of type \"None\" cannot be used with \"with\"",
        "severity": 1,
        "code": "reportOptionalContextManager",
        "source": "Pyright",
        "codeDescription": {
          "href": "https://github.com/microsoft/pyright/blob/main/docs/configuration.md#reportOptionalContextManager"
        }
      },
      {
        "range": {
          "start": {
            "line": 1116,
            "character": 50
          },
          "end": {
            "line": 1116,
            "character": 53
          }
        },
        "message": "Argument of type \"Data\" cannot be assigned to parameter \"data\" of type \"str\" in function \"send_text\"\n  Type \"Data\" is not assignable to type \"str\"\n    \"bytes\" is not assignable to \"str\"",
        "severity": 1,
        "code": "reportArgumentType",
        "source": "Pyright",
        "codeDescription": {
          "href": "https://github.com/microsoft/pyright/blob/main/docs/configuration.md#reportArgumentType"
        }
      },
      {
        "range": {
          "start": {
            "line": 1167,
            "character": 50
          },
          "end": {
            "line": 1167,
            "character": 53
          }
        },
        "message": "Argument of type \"Data\" cannot be assigned to parameter \"data\" of type \"str\" in function \"send_text\"\n  Type \"Data\" is not assignable to type \"str\"\n    \"bytes\" is not assignable to \"str\"",
        "severity": 1,
        "code": "reportArgumentType",
        "source": "Pyright",
        "codeDescription": {
          "href": "https://github.com/microsoft/pyright/blob/main/docs/configuration.md#reportArgumentType"
        }
      },
      {
        "range": {
          "start": {
            "line": 1373,
            "character": 19
          },
          "end": {
            "line": 1373,
            "character": 29
          }
        },
        "message": "Argument of type \"str | None\" cannot be assigned to parameter \"origin\" of type \"Origin | None\" in function \"__init__\"\n  Type \"str | None\" is not assignable to type \"Origin | None\"\n    Type \"str\" is not assignable to type \"Origin | None\"\n      \"str\" is not assignable to \"Origin\"\n      \"str\" is not assignable to \"None\"",
        "severity": 1,
        "code": "reportArgumentType",
        "source": "Pyright",
        "codeDescription": {
          "href": "https://github.com/microsoft/pyright/blob/main/docs/configuration.md#reportArgumentType"
        }
      },
      {
        "range": {
          "start": {
            "line": 1569,
            "character": 39
          },
          "end": {
            "line": 1569,
            "character": 43
          }
        },
        "message": "\"host\" is not a known attribute of \"None\"",
        "severity": 1,
        "code": "reportOptionalMemberAccess",
        "source": "Pyright",
        "codeDescription": {
          "href": "https://github.com/microsoft/pyright/blob/main/docs/configuration.md#reportOptionalMemberAccess"
        }
      }
    ],
    "flat": [
      {
        "bucket": "error",
        "message": "Cannot access attribute \"config\" for class \"FastAPI\"\n  Attribute \"config\" is unknown",
        "source": "Pyright",
        "code": "reportAttributeAccessIssue",
        "sig": "Pyright|reportAttributeAccessIssue|1|Cannot access attribute \"config\" for class \"FastAPI\"\n  Attribute \"config\" is unknown",
        "startLine": 188,
        "startChar": 25,
        "endChar": 31
      },
      {
        "bucket": "error",
        "message": "\"config\" is not a known attribute of module \"app\"",
        "source": "Pyright",
        "code": "reportAttributeAccessIssue",
        "sig": "Pyright|reportAttributeAccessIssue|1|\"config\" is not a known attribute of module \"app\"",
        "startLine": 188,
        "startChar": 25,
        "endChar": 31
      },
      {
        "bucket": "error",
        "message": "Cannot access attribute \"config\" for class \"FastAPI\"\n  Attribute \"config\" is unknown",
        "source": "Pyright",
        "code": "reportAttributeAccessIssue",
        "sig": "Pyright|reportAttributeAccessIssue|1|Cannot access attribute \"config\" for class \"FastAPI\"\n  Attribute \"config\" is unknown",
        "startLine": 208,
        "startChar": 25,
        "endChar": 31
      },
      {
        "bucket": "error",
        "message": "\"config\" is not a known attribute of module \"app\"",
        "source": "Pyright",
        "code": "reportAttributeAccessIssue",
        "sig": "Pyright|reportAttributeAccessIssue|1|\"config\" is not a known attribute of module \"app\"",
        "startLine": 208,
        "startChar": 25,
        "endChar": 31
      },
      {
        "bucket": "error",
        "message": "\"include_router\" is not a known attribute of module \"app\"",
        "source": "Pyright",
        "code": "reportAttributeAccessIssue",
        "sig": "Pyright|reportAttributeAccessIssue|1|\"include_router\" is not a known attribute of module \"app\"",
        "startLine": 582,
        "startChar": 28,
        "endChar": 42
      },
      {
        "bucket": "error",
        "message": "Argument of type \"ModuleSpec | None\" cannot be assigned to parameter \"spec\" of type \"ModuleSpec\" in function \"module_from_spec\"\n  Type \"ModuleSpec | None\" is not assignable to type \"ModuleSpec\"\n    \"None\" is not assignable to \"ModuleSpec\"",
        "source": "Pyright",
        "code": "reportArgumentType",
        "sig": "Pyright|reportArgumentType|1|Argument of type \"ModuleSpec | None\" cannot be assigned to parameter \"spec\" of type \"ModuleSpec\" in function \"module_from_spec\"\n  Type \"ModuleSpec | None\" is not assignable to type \"ModuleSpec\"\n    \"None\" is not assignable to \"ModuleSpec\"",
        "startLine": 619,
        "startChar": 57,
        "endChar": 61
      },
      {
        "bucket": "error",
        "message": "\"loader\" is not a known attribute of \"None\"",
        "source": "Pyright",
        "code": "reportOptionalMemberAccess",
        "sig": "Pyright|reportOptionalMemberAccess|1|\"loader\" is not a known attribute of \"None\"",
        "startLine": 620,
        "startChar": 21,
        "endChar": 27
      },
      {
        "bucket": "error",
        "message": "\"exec_module\" is not a known attribute of \"None\"",
        "source": "Pyright",
        "code": "reportOptionalMemberAccess",
        "sig": "Pyright|reportOptionalMemberAccess|1|\"exec_module\" is not a known attribute of \"None\"",
        "startLine": 620,
        "startChar": 28,
        "endChar": 39
      },
      {
        "bucket": "error",
        "message": "\"include_router\" is not a known attribute of module \"app\"",
        "source": "Pyright",
        "code": "reportAttributeAccessIssue",
        "sig": "Pyright|reportAttributeAccessIssue|1|\"include_router\" is not a known attribute of module \"app\"",
        "startLine": 632,
        "startChar": 36,
        "endChar": 50
      },
      {
        "bucket": "error",
        "message": "\"include_router\" is not a known attribute of module \"app\"",
        "source": "Pyright",
        "code": "reportAttributeAccessIssue",
        "sig": "Pyright|reportAttributeAccessIssue|1|\"include_router\" is not a known attribute of module \"app\"",
        "startLine": 635,
        "startChar": 36,
        "endChar": 50
      },
      {
        "bucket": "error",
        "message": "Cannot access attribute \"run_sync\" for class \"type[BrokenWorkerInterpreter]\"\n  Attribute \"run_sync\" is unknown",
        "source": "Pyright",
        "code": "reportAttributeAccessIssue",
        "sig": "Pyright|reportAttributeAccessIssue|1|Cannot access attribute \"run_sync\" for class \"type[BrokenWorkerInterpreter]\"\n  Attribute \"run_sync\" is unknown",
        "startLine": 700,
        "startChar": 39,
        "endChar": 47
      },
      {
        "bucket": "error",
        "message": "Argument of type \"str | None\" cannot be assigned to parameter \"path\" of type \"str\" in function \"_scandir_with_sudo\"\n  Type \"str | None\" is not assignable to type \"str\"\n    \"None\" is not assignable to \"str\"",
        "source": "Pyright",
        "code": "reportArgumentType",
        "sig": "Pyright|reportArgumentType|1|Argument of type \"str | None\" cannot be assigned to parameter \"path\" of type \"str\" in function \"_scandir_with_sudo\"\n  Type \"str | None\" is not assignable to type \"str\"\n    \"None\" is not assignable to \"str\"",
        "startLine": 729,
        "startChar": 41,
        "endChar": 49
      },
      {
        "bucket": "error",
        "message": "Argument of type \"str | None\" cannot be assigned to parameter \"path\" of type \"str\" in function \"_scandir_entries\"\n  Type \"str | None\" is not assignable to type \"str\"\n    \"None\" is not assignable to \"str\"",
        "source": "Pyright",
        "code": "reportArgumentType",
        "sig": "Pyright|reportArgumentType|1|Argument of type \"str | None\" cannot be assigned to parameter \"path\" of type \"str\" in function \"_scandir_entries\"\n  Type \"str | None\" is not assignable to type \"str\"\n    \"None\" is not assignable to \"str\"",
        "startLine": 731,
        "startChar": 39,
        "endChar": 47
      },
      {
        "bucket": "error",
        "message": "Object of type \"None\" cannot be used with \"with\"",
        "source": "Pyright",
        "code": "reportOptionalContextManager",
        "sig": "Pyright|reportOptionalContextManager|1|Object of type \"None\" cannot be used with \"with\"",
        "startLine": 971,
        "startChar": 9,
        "endChar": 19
      },
      {
        "bucket": "error",
        "message": "Argument of type \"Data\" cannot be assigned to parameter \"data\" of type \"str\" in function \"send_text\"\n  Type \"Data\" is not assignable to type \"str\"\n    \"bytes\" is not assignable to \"str\"",
        "source": "Pyright",
        "code": "reportArgumentType",
        "sig": "Pyright|reportArgumentType|1|Argument of type \"Data\" cannot be assigned to parameter \"data\" of type \"str\" in function \"send_text\"\n  Type \"Data\" is not assignable to type \"str\"\n    \"bytes\" is not assignable to \"str\"",
        "startLine": 1117,
        "startChar": 50,
        "endChar": 53
      },
      {
        "bucket": "error",
        "message": "Argument of type \"Data\" cannot be assigned to parameter \"data\" of type \"str\" in function \"send_text\"\n  Type \"Data\" is not assignable to type \"str\"\n    \"bytes\" is not assignable to \"str\"",
        "source": "Pyright",
        "code": "reportArgumentType",
        "sig": "Pyright|reportArgumentType|1|Argument of type \"Data\" cannot be assigned to parameter \"data\" of type \"str\" in function \"send_text\"\n  Type \"Data\" is not assignable to type \"str\"\n    \"bytes\" is not assignable to \"str\"",
        "startLine": 1168,
        "startChar": 50,
        "endChar": 53
      },
      {
        "bucket": "error",
        "message": "Argument of type \"str | None\" cannot be assigned to parameter \"origin\" of type \"Origin | None\" in function \"__init__\"\n  Type \"str | None\" is not assignable to type \"Origin | None\"\n    Type \"str\" is not assignable to type \"Origin | None\"\n      \"str\" is not assignable to \"Origin\"\n      \"str\" is not assignable to \"None\"",
        "source": "Pyright",
        "code": "reportArgumentType",
        "sig": "Pyright|reportArgumentType|1|Argument of type \"str | None\" cannot be assigned to parameter \"origin\" of type \"Origin | None\" in function \"__init__\"\n  Type \"str | None\" is not assignable to type \"Origin | None\"\n    Type \"str\" is not assignable to type \"Origin | None\"\n      \"str\" is not assignable to \"Origin\"\n      \"str\" is not assignable to \"None\"",
        "startLine": 1374,
        "startChar": 19,
        "endChar": 29
      },
      {
        "bucket": "error",
        "message": "\"host\" is not a known attribute of \"None\"",
        "source": "Pyright",
        "code": "reportOptionalMemberAccess",
        "sig": "Pyright|reportOptionalMemberAccess|1|\"host\" is not a known attribute of \"None\"",
        "startLine": 1570,
        "startChar": 39,
        "endChar": 43
      }
    ],
    "suppressed": [],
    "lsp_stats": {
      "broker": {
        "requestsSent": 1,
        "requestsDropped": 0,
        "requestsCoalesced": 0,
        "responsesReceived": 1,
        "responsesStale": 0
      },
      "didChangeExplicit": 0,
      "didChangeSentTotal": 1,
      "diagnosticsReceived": 1,
      "documentVersion": 2
    }
  }
}
